created the new pull request 123